// Jest Snapshot v1, https://goo.gl/fbAQLP

exports[`Components::<InputField /> should match snapshot 1`] = `
<input
  defaultValue=""
  onChange={[Function]}
  placeholder=""
  type="text"
/>
`;
